app/(main)/register/page.tsx(314,42): error TS2304: Cannot find name 'getJoinRequests'.
app/(main)/register/page.tsx(351,37): error TS2304: Cannot find name 'respondToJoinRequest'.
